
> realestate-crm-client@1.0.0 build
> react-scripts build

Creating an optimized production build...
Compiled with warnings.

[eslint] 
src\pages\portals\common\LeadWorkspacePage.jsx
  Line 10:10:  'getRoleCode' is defined but never used                                                                                                                                                                no-unused-vars
  Line 246:6:  React Hook useEffect has missing dependencies: 'loadCreateOptions', 'locationOptions.length', 'projectOptions.length', and 'sourceOptions.length'. Either include them or remove the dependency array  react-hooks/exhaustive-deps

src\pages\superadmin\common\MasterCrudPage.jsx
  Line 102:6:  React Hook useEffect has a missing dependency: 'loadList'. Either include it or remove the dependency array  react-hooks/exhaustive-deps

Search for the keywords to learn more about each warning.
To ignore, add // eslint-disable-next-line to the line before.

File sizes after gzip:

  116.42 kB (-4 B)  build\static\js\main.6165c2db.js
  11.84 kB          build\static\css\main.3ee59c69.css

The project was built assuming it is hosted at /.
You can control this with the homepage field in your package.json.

The build folder is ready to be deployed.
You may serve it with a static server:

  npm install -g serve
  serve -s build

Find out more about deployment here:

  https://cra.link/deployment

